==============================================================================
  GAA3 LVS  -  CELL COMPARISON RESULTS  (reference extractor: gaa3_lvs.py; sign-off: Pegasus LVS)
==============================================================================
  LAYOUT CELL    : INV_GAA_X1
  SCHEMATIC CELL : INV_GAA_X1
------------------------------------------------------------------------------
  OBJECT            LAYOUT   SCHEMATIC   STATUS
------------------------------------------------------------------------------
  Ports                  4           4   ok
  Nets                   4           4   ok
  Instances              2           2   ok
    NMOS (nsheet_n)         1           1   ok
    PMOS (nsheet_p)         1           1   ok
------------------------------------------------------------------------------
  Port names     : layout ['A', 'VDD', 'VSS', 'Y']
                   schematic ['A', 'VDD', 'VSS', 'Y']
  Device classes : match   Net classes : match
------------------------------------------------------------------------------
  RESULT         : MATCH
==============================================================================
==============================================================================
  GAA3 LVS  -  CELL COMPARISON RESULTS  (reference extractor: gaa3_lvs.py; sign-off: Pegasus LVS)
==============================================================================
  LAYOUT CELL    : NAND2_GAA_X1
  SCHEMATIC CELL : NAND2_GAA_X1
------------------------------------------------------------------------------
  OBJECT            LAYOUT   SCHEMATIC   STATUS
------------------------------------------------------------------------------
  Ports                  5           5   ok
  Nets                   6           6   ok
  Instances              4           4   ok
    NMOS (nsheet_n)         2           2   ok
    PMOS (nsheet_p)         2           2   ok
------------------------------------------------------------------------------
  Port names     : layout ['A', 'B', 'VDD', 'VSS', 'Y']
                   schematic ['A', 'B', 'VDD', 'VSS', 'Y']
  Device classes : match   Net classes : match
------------------------------------------------------------------------------
  RESULT         : MATCH
==============================================================================
==============================================================================
  GAA3 LVS  -  CELL COMPARISON RESULTS  (reference extractor: gaa3_lvs.py; sign-off: Pegasus LVS)
==============================================================================
  LAYOUT CELL    : RO11_GAA
  SCHEMATIC CELL : RO11_GAA
------------------------------------------------------------------------------
  OBJECT            LAYOUT   SCHEMATIC   STATUS
------------------------------------------------------------------------------
  Ports                  3           3   ok
  Nets                  13          13   ok
  Instances             22          22   ok
    NMOS (nsheet_n)        11          11   ok
    PMOS (nsheet_p)        11          11   ok
------------------------------------------------------------------------------
  Port names     : layout ['OUT', 'VDD', 'VSS']
                   schematic ['OUT', 'VDD', 'VSS']
  Device classes : match   Net classes : match
------------------------------------------------------------------------------
  RESULT         : MATCH
==============================================================================
==============================================================================
  GAA3 LVS  -  CELL COMPARISON RESULTS  (reference extractor: gaa3_lvs.py; sign-off: Pegasus LVS)
==============================================================================
  LAYOUT CELL    : SRAM6T_GAA_HD
  SCHEMATIC CELL : SRAM6T_GAA_HD
------------------------------------------------------------------------------
  OBJECT            LAYOUT   SCHEMATIC   STATUS
------------------------------------------------------------------------------
  Ports                  7           7   ok
  Nets                   7           7   ok
  Instances              6           6   ok
    NMOS (nsheet_n)         4           4   ok
    PMOS (nsheet_p)         2           2   ok
------------------------------------------------------------------------------
  Port names     : layout ['BL', 'BLB', 'Q', 'QB', 'VDD', 'VSS', 'WL']
                   schematic ['BL', 'BLB', 'Q', 'QB', 'VDD', 'VSS', 'WL']
  Device classes : match   Net classes : match
------------------------------------------------------------------------------
  RESULT         : MATCH
==============================================================================
