==============================================================================
  GAA3 LVS  -  CELL COMPARISON RESULTS  (reference extractor: gaa3_lvs.py; sign-off: Pegasus LVS)
==============================================================================
  LAYOUT CELL    : NAND2_GAA_X1
  SCHEMATIC CELL : NAND2_GAA_X1
------------------------------------------------------------------------------
  OBJECT            LAYOUT   SCHEMATIC   STATUS
------------------------------------------------------------------------------
  Ports                  5           5   ok
  Nets                   6           6   ok
  Instances              4           4   ok
    NMOS (nsheet_n)         2           2   ok
    PMOS (nsheet_p)         2           2   ok
------------------------------------------------------------------------------
  Port names     : layout ['A', 'B', 'VDD', 'VSS', 'Y']
                   schematic ['A', 'B', 'VDD', 'VSS', 'Y']
  Device classes : match   Net classes : match
------------------------------------------------------------------------------
  RESULT         : MATCH
==============================================================================
