==============================================================================
  GAA3 LVS  -  CELL COMPARISON RESULTS  (reference extractor: gaa3_lvs.py; sign-off: Pegasus LVS)
==============================================================================
  LAYOUT CELL    : RO11_GAA
  SCHEMATIC CELL : RO11_GAA
------------------------------------------------------------------------------
  OBJECT            LAYOUT   SCHEMATIC   STATUS
------------------------------------------------------------------------------
  Ports                  3           3   ok
  Nets                  13          13   ok
  Instances             22          22   ok
    NMOS (nsheet_n)        11          11   ok
    PMOS (nsheet_p)        11          11   ok
------------------------------------------------------------------------------
  Port names     : layout ['OUT', 'VDD', 'VSS']
                   schematic ['OUT', 'VDD', 'VSS']
  Device classes : match   Net classes : match
------------------------------------------------------------------------------
  RESULT         : MATCH
==============================================================================
