==============================================================================
  GAA3 LVS  -  CELL COMPARISON RESULTS  (reference extractor: gaa3_lvs.py; sign-off: Pegasus LVS)
==============================================================================
  LAYOUT CELL    : INV_GAA_X1
  SCHEMATIC CELL : INV_GAA_X1
------------------------------------------------------------------------------
  OBJECT            LAYOUT   SCHEMATIC   STATUS
------------------------------------------------------------------------------
  Ports                  4           4   ok
  Nets                   4           4   ok
  Instances              2           2   ok
    NMOS (nsheet_n)         1           1   ok
    PMOS (nsheet_p)         1           1   ok
------------------------------------------------------------------------------
  Port names     : layout ['A', 'VDD', 'VSS', 'Y']
                   schematic ['A', 'VDD', 'VSS', 'Y']
  Device classes : match   Net classes : match
------------------------------------------------------------------------------
  RESULT         : MATCH
==============================================================================
