{
 "IL_dB": 4.053493759165056,
 "ISO_dB": 27.538561064652317,
 "RL_dB": 9.00932322921291,
 "BW_iso20_MHz": 3.5,
 "BW_iso15_MHz": 9.0,
 "BW_il1dB_MHz": 8.5,
 "BW_rl10_MHz": 0.0,
 "IM_up_S21_dB": -37.63604759365944,
 "IM_dn_S21_dB": -44.77802304933027,
 "IM_up_S11_dB": -38.954456946197006,
 "IM_dn_S11_dB": -45.21770996366239,
 "reverse_IL_dB": 27.537277192675937,
 "reverse_ISO_dB": 4.053586660705991,
 "unmod": {
  "f_deg_MHz": 975.5,
  "S21_peak_dB": -4.735022854104697,
  "S11_peak_dB": -15.644189215149979,
  "bw3dB_MHz": 26.25,
  "Qloaded": 37.161904761904765
 },
 "cmt": {
  "on": {
   "f_res_MHz": 998.5089278724657,
   "ge_MHz": 25.710976666051444,
   "gi_MHz": 12.160183660730645,
   "Qe": 19.417950178277135,
   "Qi": 41.0564904170399,
   "loss_ratio": 0.472956893807416,
   "G0_mag_at_f0": 0.9963527421442631,
   "G0_phase_deg": -90.27755231419947
  },
  "off": {
   "f_res_MHz": -899.5522841458405,
   "ge_MHz": 1578.3845540905031,
   "gi_MHz": 262.6138683862051,
   "Qe": -0.2849597969691805,
   "Qi": -1.7126899841080387,
   "loss_ratio": 0.16638142314914411,
   "G0_mag_at_f0": 0.9963884312349075,
   "G0_phase_deg": -90.27674449326327
  },
  "cmt_IL_pred_dB": 4.010549164136721,
  "detuning_off_MHz": -1898.0612120183064
 },
 "projection": [
  {
   "Qm": 500,
   "ron_w": 277,
   "IL": 3.948754385411668,
   "ISO": 23.868705758287465,
   "RL": 9.932548032429642,
   "BW_iso20_MHz": 3.0
  },
  {
   "Qm": 500,
   "ron_w": 150,
   "IL": 3.114728817490854,
   "ISO": 18.355902262712686,
   "RL": 12.060366722700024,
   "BW_iso20_MHz": 0.0
  },
  {
   "Qm": 500,
   "ron_w": 75,
   "IL": 0.8798802483853456,
   "ISO": 8.275251151277306,
   "RL": 19.270770706344173,
   "BW_iso20_MHz": 0.0
  },
  {
   "Qm": 1000,
   "ron_w": 277,
   "IL": 3.3487846282081124,
   "ISO": 25.152144909854222,
   "RL": 10.61955813069382,
   "BW_iso20_MHz": 3.0
  },
  {
   "Qm": 1000,
   "ron_w": 150,
   "IL": 2.453352190742541,
   "ISO": 17.742366642670348,
   "RL": 13.269152856099444,
   "BW_iso20_MHz": 0.0
  },
  {
   "Qm": 1000,
   "ron_w": 75,
   "IL": -0.05810175680490226,
   "ISO": 6.909244707081918,
   "RL": 17.2623062836006,
   "BW_iso20_MHz": 0.0
  },
  {
   "Qm": 2000,
   "ron_w": 277,
   "IL": 3.0402664557226,
   "ISO": 25.560085573912335,
   "RL": 10.980755805143417,
   "BW_iso20_MHz": 3.0
  },
  {
   "Qm": 2000,
   "ron_w": 150,
   "IL": 2.110848029609411,
   "ISO": 17.27621269087889,
   "RL": 13.951100684341476,
   "BW_iso20_MHz": 0.0
  },
  {
   "Qm": 2000,
   "ron_w": 75,
   "IL": -0.5654633462293162,
   "ISO": 6.155012315345757,
   "RL": 15.369127435320877,
   "BW_iso20_MHz": 0.0
  }
 ],
 "phase_tol_deg": 10.0,
 "csw_tol_pct": 10.0,
 "tol_iso_floor_dB": 15.0,
 "power": {
  "vpk_per_volt": 6.688177160936609,
  "Pmax_single_dBm": -10.943130361682423,
  "Pmax_stack2_dBm": -4.9225304484027985
 }
}
