==============================================================================
  GAA3 LVS  -  CELL COMPARISON RESULTS  (reference extractor: gaa3_lvs.py; sign-off: Pegasus LVS)
==============================================================================
  LAYOUT CELL    : inverter
  SCHEMATIC CELL : inverter
------------------------------------------------------------------------------
  OBJECT            LAYOUT   SCHEMATIC   STATUS
------------------------------------------------------------------------------
  Ports                  4           4   ok
  Nets                   4           4   ok
  Instances              2           2   ok
    NMOS (nsheet_n)         1           1   ok
    PMOS (nsheet_p)         1           1   ok
------------------------------------------------------------------------------
  Port names     : layout ['VDD', 'VSS', 'a', 'y']
                   schematic ['VDD', 'VSS', 'a', 'y']
  Device classes : match   Net classes : match
------------------------------------------------------------------------------
  RESULT         : MATCH
==============================================================================
