==============================================================================
  GAA3 LVS  -  CELL COMPARISON RESULTS  (reference extractor: gaa3_lvs.py; sign-off: Pegasus LVS)
==============================================================================
  LAYOUT CELL    : nand2
  SCHEMATIC CELL : nand2
------------------------------------------------------------------------------
  OBJECT            LAYOUT   SCHEMATIC   STATUS
------------------------------------------------------------------------------
  Ports                  5           5   ok
  Nets                   6           6   ok
  Instances              4           4   ok
    NMOS (nsheet_n)         2           2   ok
    PMOS (nsheet_p)         2           2   ok
------------------------------------------------------------------------------
  Port names     : layout ['VDD', 'VSS', 'a', 'b', 'y']
                   schematic ['VDD', 'VSS', 'a', 'b', 'y']
  Device classes : match   Net classes : match
------------------------------------------------------------------------------
  RESULT         : MATCH
==============================================================================
