==============================================================================
  GAA3 LVS  -  CELL COMPARISON RESULTS  (reference extractor: gaa3_lvs.py; sign-off: Pegasus LVS)
==============================================================================
  LAYOUT CELL    : ring_osc
  SCHEMATIC CELL : ring_osc
------------------------------------------------------------------------------
  OBJECT            LAYOUT   SCHEMATIC   STATUS
------------------------------------------------------------------------------
  Ports                  4           4   ok
  Nets                  17          17   ok
  Instances             28          28   ok
    NMOS (nsheet_n)        14          14   ok
    PMOS (nsheet_p)        14          14   ok
------------------------------------------------------------------------------
  Port names     : layout ['VDD', 'VSS', 'en', 'out']
                   schematic ['VDD', 'VSS', 'en', 'out']
  Device classes : match   Net classes : match
------------------------------------------------------------------------------
  RESULT         : MATCH
==============================================================================
