This is pdfTeX, Version 3.141592653-2.6-1.40.25 (TeX Live 2023/Debian) (preloaded format=pdflatex)
 restricted \write18 enabled.
entering extended mode
(./main.tex
LaTeX2e <2023-11-01> patch level 1
L3 programming layer <2024-01-22>
(/usr/share/texlive/texmf-dist/tex/latex/ieeetran/IEEEtran.cls
Document Class: IEEEtran 2015/08/26 V1.8b by Michael Shell
-- See the "IEEEtran_HOWTO" manual for usage information.
-- http://www.michaelshell.org/tex/ieeetran/
(/usr/share/texlive/texmf-dist/tex/latex/psnfss/ot1ptm.fd)
-- Using 8.5in x 11in (letter) paper.
-- Using PDF output.
-- This is a 10 point document.
) (/usr/share/texlive/texmf-dist/tex/latex/amsmath/amsmath.sty
For additional information on amsmath, use the `?' option.
(/usr/share/texlive/texmf-dist/tex/latex/amsmath/amstext.sty
(/usr/share/texlive/texmf-dist/tex/latex/amsmath/amsgen.sty))
(/usr/share/texlive/texmf-dist/tex/latex/amsmath/amsbsy.sty)
(/usr/share/texlive/texmf-dist/tex/latex/amsmath/amsopn.sty))
(/usr/share/texlive/texmf-dist/tex/latex/amsfonts/amssymb.sty
(/usr/share/texlive/texmf-dist/tex/latex/amsfonts/amsfonts.sty))
(/usr/share/texlive/texmf-dist/tex/latex/graphics/graphicx.sty
(/usr/share/texlive/texmf-dist/tex/latex/graphics/keyval.sty)
(/usr/share/texlive/texmf-dist/tex/latex/graphics/graphics.sty
(/usr/share/texlive/texmf-dist/tex/latex/graphics/trig.sty)
(/usr/share/texlive/texmf-dist/tex/latex/graphics-cfg/graphics.cfg)
(/usr/share/texlive/texmf-dist/tex/latex/graphics-def/pdftex.def)))
(/usr/share/texlive/texmf-dist/tex/latex/booktabs/booktabs.sty)
(/usr/share/texlive/texmf-dist/tex/latex/multirow/multirow.sty)
(/usr/share/texlive/texmf-dist/tex/latex/url/url.sty)
(/usr/share/texlive/texmf-dist/tex/latex/xcolor/xcolor.sty
(/usr/share/texlive/texmf-dist/tex/latex/graphics-cfg/color.cfg)
(/usr/share/texlive/texmf-dist/tex/latex/graphics/mathcolor.ltx))
(/usr/share/texlive/texmf-dist/tex/latex/preprint/balance.sty)
(/usr/share/texlive/texmf-dist/tex/latex/subfig/subfig.sty
(/usr/share/texlive/texmf-dist/tex/latex/caption/caption3.sty))
(/usr/share/texlive/texmf-dist/tex/latex/hyperref/hyperref.sty
(/usr/share/texlive/texmf-dist/tex/generic/iftex/iftex.sty)
(/usr/share/texlive/texmf-dist/tex/latex/kvsetkeys/kvsetkeys.sty)
(/usr/share/texlive/texmf-dist/tex/generic/kvdefinekeys/kvdefinekeys.sty)
(/usr/share/texlive/texmf-dist/tex/generic/pdfescape/pdfescape.sty
(/usr/share/texlive/texmf-dist/tex/generic/ltxcmds/ltxcmds.sty)
(/usr/share/texlive/texmf-dist/tex/generic/pdftexcmds/pdftexcmds.sty
(/usr/share/texlive/texmf-dist/tex/generic/infwarerr/infwarerr.sty)))
(/usr/share/texlive/texmf-dist/tex/latex/hycolor/hycolor.sty)
(/usr/share/texlive/texmf-dist/tex/latex/auxhook/auxhook.sty)
(/usr/share/texlive/texmf-dist/tex/latex/hyperref/nameref.sty
(/usr/share/texlive/texmf-dist/tex/latex/refcount/refcount.sty)
(/usr/share/texlive/texmf-dist/tex/generic/gettitlestring/gettitlestring.sty
(/usr/share/texlive/texmf-dist/tex/latex/kvoptions/kvoptions.sty)))
(/usr/share/texlive/texmf-dist/tex/latex/etoolbox/etoolbox.sty)
(/usr/share/texlive/texmf-dist/tex/latex/hyperref/pd1enc.def)
(/usr/share/texlive/texmf-dist/tex/generic/intcalc/intcalc.sty)
(/usr/share/texlive/texmf-dist/tex/latex/hyperref/puenc.def)
(/usr/share/texlive/texmf-dist/tex/generic/bitset/bitset.sty
(/usr/share/texlive/texmf-dist/tex/generic/bigintcalc/bigintcalc.sty))
(/usr/share/texlive/texmf-dist/tex/latex/base/atbegshi-ltx.sty))
(/usr/share/texlive/texmf-dist/tex/latex/hyperref/hpdftex.def
(/usr/share/texlive/texmf-dist/tex/latex/base/atveryend-ltx.sty)
(/usr/share/texlive/texmf-dist/tex/latex/rerunfilecheck/rerunfilecheck.sty
(/usr/share/texlive/texmf-dist/tex/generic/uniquecounter/uniquecounter.sty)))
(./numbers.tex)
(/usr/share/texlive/texmf-dist/tex/latex/l3backend/l3backend-pdftex.def)
(./main.aux)
-- Lines per column: 58 (exact).
(/usr/share/texlive/texmf-dist/tex/context/base/mkii/supp-pdf.mkii
[Loading MPS to PDF converter (version 2006.09.02).]
) (/usr/share/texlive/texmf-dist/tex/latex/epstopdf-pkg/epstopdf-base.sty
(/usr/share/texlive/texmf-dist/tex/latex/latexconfig/epstopdf-sys.cfg))
(./main.out) (./main.out)
(/usr/share/texlive/texmf-dist/tex/latex/amsfonts/umsa.fd)
(/usr/share/texlive/texmf-dist/tex/latex/amsfonts/umsb.fd)
(/usr/share/texlive/texmf-dist/tex/latex/psnfss/ot1pcr.fd)
Underfull \hbox (badness 1789) in paragraph at lines 18--18
[][][]\OT1/ptm/m/n/8 Simulation sources, Verilog-A mod-els, Ca-dence scripts, G
DSII lay-

Underfull \hbox (badness 1748) in paragraph at lines 32--33
[]\OT1/ptm/m/n/10 This pa-per makes four con-tri-bu-tions. First, a uni-fied

Underfull \hbox (badness 2538) in paragraph at lines 32--33
\OT1/ptm/m/n/10 com-pact model (UCM-CFET) with one core and four

Underfull \hbox (badness 10000) in paragraph at lines 41--41
[]\OT1/ptm/m/n/8 baseline logic

Underfull \hbox (badness 10000) in paragraph at lines 43--43
[]\OT1/ptm/m/n/8 low-$\OML/cmm/m/it/8 V[]$\OT1/ptm/m/n/8 , contact-

Underfull \hbox (badness 2735) in paragraph at lines 44--44
[]\OT1/ptm/m/n/8 quasi-ballistic post-Si
[1{/var/lib/texmf/fonts/map/pdftex/updmap/pdftex.map}{/usr/share/texlive/texmf-
dist/fonts/enc/dvips/base/8r.enc}] [2 <../figures/fig01_cfet_stacks.png>]
(./tables/tab_devparams.tex) (./tables/tab_calibration.tex)
Underfull \vbox (badness 10000) has occurred while \output is active [3 <../fig
ures/fig02_calibration_idvg.png>]
Underfull \vbox (badness 10000) has occurred while \output is active [4 <../fig
ures/fig03_calibration_idvd.png>] (./tables/tab_nominal.tex)

Package hyperref Warning: Token not allowed in a PDF string (Unicode):
(hyperref)                removing `math shift' on input line 160.


Package hyperref Warning: Token not allowed in a PDF string (Unicode):
(hyperref)                removing `subscript' on input line 160.


Package hyperref Warning: Token not allowed in a PDF string (Unicode):
(hyperref)                removing `math shift' on input line 160.


Underfull \vbox (badness 10000) has occurred while \output is active [5 <../fig
ures/fig04_calibration_mape.png> <../schematics/inv_cfet.png> <../schematics/ro
5_cfet.png> <../figures/fig05_inverter_vtc.png> <../figures/fig06_inverter_ro_f
om.png>] [6 <../figures/fig07_ro_waveforms.png>]
Underfull \vbox (badness 10000) has occurred while \output is active

Package hyperref Warning: Token not allowed in a PDF string (Unicode):
(hyperref)                removing `math shift' on input line 198.


Package hyperref Warning: Token not allowed in a PDF string (Unicode):
(hyperref)                removing `subscript' on input line 198.


Package hyperref Warning: Token not allowed in a PDF string (Unicode):
(hyperref)                removing `math shift' on input line 198.


Package hyperref Warning: Token not allowed in a PDF string (Unicode):
(hyperref)                removing `math shift' on input line 198.


Package hyperref Warning: Token not allowed in a PDF string (Unicode):
(hyperref)                removing `subscript' on input line 198.


Package hyperref Warning: Token not allowed in a PDF string (Unicode):
(hyperref)                removing `math shift' on input line 198.


Underfull \vbox (badness 10000) has occurred while \output is active [7 <../fig
ures/fig08_vdd_sweep.png> <../figures/fig09_temperature.png>]
Underfull \vbox (badness 10000) has occurred while \output is active
Underfull \vbox (badness 10000) has occurred while \output is active [8 <../fig
ures/fig10_si_sige_sensitivity.png> <../figures/fig11_tmd_contact_crossover.png
> <../figures/fig12_cnt_sensitivity.png>]

LaTeX Warning: File `fig14_montecarlo.png' not found on input line 206.


! Package pdftex.def Error: File `fig14_montecarlo.png' not found: using draft 
setting.

See the pdftex.def package documentation for explanation.
Type  H <return>  for immediate help.
 ...                                              
                                                  
l.206 ...s[width=\textwidth]{fig14_montecarlo.png}
                                                  
(./tables/tab_mc.tex) [9 <../figures/fig13_gan_thermal.png>]

LaTeX Warning: File `fig15_selection_chart.png' not found on input line 228.


! Package pdftex.def Error: File `fig15_selection_chart.png' not found: using d
raft setting.

See the pdftex.def package documentation for explanation.
Type  H <return>  for immediate help.
 ...                                              
                                                  
l.228 ...9\columnwidth]{fig15_selection_chart.png}
                                                  

Underfull \hbox (badness 10000) in paragraph at lines 241--241
[]\OT1/ptm/m/n/8 Better p/n bal-ance with Si-

Underfull \hbox (badness 10000) in paragraph at lines 242--242
[]\OT1/ptm/m/n/8 Lowest $\OML/cmm/m/it/8 V[]$\OT1/ptm/m/n/8 , leakage-sensitive


Underfull \hbox (badness 2591) in paragraph at lines 243--243
[]\OT1/ptm/m/n/8 Highest per-for-mance post-Si re-

Underfull \hbox (badness 10000) in paragraph at lines 244--244
[]\OT1/ptm/m/n/8 High-temperature / in-te-grated

Overfull \hbox (3.84338pt too wide) in paragraph at lines 237--246
 [][] 

Underfull \vbox (badness 10000) has occurred while \output is active [10]

LaTeX Warning: Text page 11 contains only floats.

(./main.bbl

Package balance Warning: You have called \balance in second column
(balance)                Columns might not be balanced.

[11 <../figures/fig_layout_inverters.png>]
Underfull \hbox (badness 4108) in paragraph at lines 152--156
[]\OT1/ptm/m/n/8 J. Deng and H.-S. P. Wong, ``A com-pact SPICE model for

Underfull \hbox (badness 10000) in paragraph at lines 168--172
[]\OT1/ptm/m/n/8 ------, \OT1/ptm/m/it/8 Vir-tu-oso ADE Ex-plorer and Vir-tu-os
o ADE As-sem-bler

Underfull \hbox (badness 5756) in paragraph at lines 168--172
\OT1/ptm/m/it/8 User Guides\OT1/ptm/m/n/8 , Ca-dence De-sign Sys-tems, Inc., Sa
n Jose, CA,

Underfull \hbox (badness 10000) in paragraph at lines 168--172
\OT1/ptm/m/n/8 USA, 2024, vir-tu-oso IC23.1 doc-u-men-ta-tion. Avail-able: []$h
ttps :

Underfull \hbox (badness 10000) in paragraph at lines 168--172
\OT1/ptm/m/n/8 / / www . cadence . com / en[]US / home / tools / custom-[]ic-[]
analog-[]rf-[]design /
)
Overfull \vbox (1.5979pt too high) has occurred while \output is active
[12] (./main.aux) )
(see the transcript file for additional information)</usr/share/texlive/texmf-d
ist/fonts/type1/public/amsfonts/cm/cmex10.pfb></usr/share/texlive/texmf-dist/fo
nts/type1/public/amsfonts/cm/cmmi10.pfb></usr/share/texlive/texmf-dist/fonts/ty
pe1/public/amsfonts/cm/cmmi5.pfb></usr/share/texlive/texmf-dist/fonts/type1/pub
lic/amsfonts/cm/cmmi6.pfb></usr/share/texlive/texmf-dist/fonts/type1/public/ams
fonts/cm/cmmi7.pfb></usr/share/texlive/texmf-dist/fonts/type1/public/amsfonts/c
m/cmmi8.pfb></usr/share/texlive/texmf-dist/fonts/type1/public/amsfonts/cm/cmmi9
.pfb></usr/share/texlive/texmf-dist/fonts/type1/public/amsfonts/cm/cmr10.pfb></
usr/share/texlive/texmf-dist/fonts/type1/public/amsfonts/cm/cmr17.pfb></usr/sha
re/texlive/texmf-dist/fonts/type1/public/amsfonts/cm/cmr5.pfb></usr/share/texli
ve/texmf-dist/fonts/type1/public/amsfonts/cm/cmr6.pfb></usr/share/texlive/texmf
-dist/fonts/type1/public/amsfonts/cm/cmr7.pfb></usr/share/texlive/texmf-dist/fo
nts/type1/public/amsfonts/cm/cmr8.pfb></usr/share/texlive/texmf-dist/fonts/type
1/public/amsfonts/cm/cmr9.pfb></usr/share/texlive/texmf-dist/fonts/type1/public
/amsfonts/cm/cmsy10.pfb></usr/share/texlive/texmf-dist/fonts/type1/public/amsfo
nts/cm/cmsy5.pfb></usr/share/texlive/texmf-dist/fonts/type1/public/amsfonts/cm/
cmsy6.pfb></usr/share/texlive/texmf-dist/fonts/type1/public/amsfonts/cm/cmsy7.p
fb></usr/share/texlive/texmf-dist/fonts/type1/public/amsfonts/cm/cmsy8.pfb></us
r/share/texlive/texmf-dist/fonts/type1/urw/courier/ucrr8a.pfb></usr/share/texli
ve/texmf-dist/fonts/type1/urw/times/utmb8a.pfb></usr/share/texlive/texmf-dist/f
onts/type1/urw/times/utmbi8a.pfb></usr/share/texlive/texmf-dist/fonts/type1/urw
/times/utmr8a.pfb></usr/share/texlive/texmf-dist/fonts/type1/urw/times/utmri8a.
pfb>
Output written on main.pdf (12 pages, 3203725 bytes).
Transcript written on main.log.
