This is pdfTeX, Version 3.141592653-2.6-1.40.25 (TeX Live 2023/Debian) (preloaded format=pdflatex 2026.10.5)  6 OCT 2026 09:06
entering extended mode
 restricted \write18 enabled.
 %&-line parsing enabled.
**figures_all.tex
(./figures_all.tex
LaTeX2e <2023-11-01> patch level 1
L3 programming layer <2024-01-22>
(/usr/share/texlive/texmf-dist/tex/latex/base/article.cls
Document Class: article 2023/05/17 v1.4n Standard LaTeX document class
(/usr/share/texlive/texmf-dist/tex/latex/base/size10.clo
File: size10.clo 2023/05/17 v1.4n Standard LaTeX file (size option)
)
\c@part=\count187
\c@section=\count188
\c@subsection=\count189
\c@subsubsection=\count190
\c@paragraph=\count191
\c@subparagraph=\count192
\c@figure=\count193
\c@table=\count194
\abovecaptionskip=\skip48
\belowcaptionskip=\skip49
\bibindent=\dimen140
)
(/usr/share/texlive/texmf-dist/tex/latex/geometry/geometry.sty
Package: geometry 2020/01/02 v5.9 Page Geometry

(/usr/share/texlive/texmf-dist/tex/latex/graphics/keyval.sty
Package: keyval 2022/05/29 v1.15 key=value parser (DPC)
\KV@toks@=\toks17
)
(/usr/share/texlive/texmf-dist/tex/generic/iftex/ifvtex.sty
Package: ifvtex 2019/10/25 v1.7 ifvtex legacy package. Use iftex instead.

(/usr/share/texlive/texmf-dist/tex/generic/iftex/iftex.sty
Package: iftex 2022/02/03 v1.0f TeX engine tests
))
\Gm@cnth=\count195
\Gm@cntv=\count196
\c@Gm@tempcnt=\count197
\Gm@bindingoffset=\dimen141
\Gm@wd@mp=\dimen142
\Gm@odd@mp=\dimen143
\Gm@even@mp=\dimen144
\Gm@layoutwidth=\dimen145
\Gm@layoutheight=\dimen146
\Gm@layouthoffset=\dimen147
\Gm@layoutvoffset=\dimen148
\Gm@dimlist=\toks18
)
(/usr/share/texlive/texmf-dist/tex/latex/graphics/graphicx.sty
Package: graphicx 2021/09/16 v1.2d Enhanced LaTeX Graphics (DPC,SPQR)

(/usr/share/texlive/texmf-dist/tex/latex/graphics/graphics.sty
Package: graphics 2022/03/10 v1.4e Standard LaTeX Graphics (DPC,SPQR)

(/usr/share/texlive/texmf-dist/tex/latex/graphics/trig.sty
Package: trig 2021/08/11 v1.11 sin cos tan (DPC)
)
(/usr/share/texlive/texmf-dist/tex/latex/graphics-cfg/graphics.cfg
File: graphics.cfg 2016/06/04 v1.11 sample graphics configuration
)
Package graphics Info: Driver file: pdftex.def on input line 107.

(/usr/share/texlive/texmf-dist/tex/latex/graphics-def/pdftex.def
File: pdftex.def 2022/09/22 v1.2b Graphics/color driver for pdftex
))
\Gin@req@height=\dimen149
\Gin@req@width=\dimen150
)
(/usr/share/texlive/texmf-dist/tex/latex/amsmath/amsmath.sty
Package: amsmath 2023/05/13 v2.17o AMS math features
\@mathmargin=\skip50

For additional information on amsmath, use the `?' option.
(/usr/share/texlive/texmf-dist/tex/latex/amsmath/amstext.sty
Package: amstext 2021/08/26 v2.01 AMS text

(/usr/share/texlive/texmf-dist/tex/latex/amsmath/amsgen.sty
File: amsgen.sty 1999/11/30 v2.0 generic functions
\@emptytoks=\toks19
\ex@=\dimen151
))
(/usr/share/texlive/texmf-dist/tex/latex/amsmath/amsbsy.sty
Package: amsbsy 1999/11/29 v1.2d Bold Symbols
\pmbraise@=\dimen152
)
(/usr/share/texlive/texmf-dist/tex/latex/amsmath/amsopn.sty
Package: amsopn 2022/04/08 v2.04 operator names
)
\inf@bad=\count198
LaTeX Info: Redefining \frac on input line 234.
\uproot@=\count199
\leftroot@=\count266
LaTeX Info: Redefining \overline on input line 399.
LaTeX Info: Redefining \colon on input line 410.
\classnum@=\count267
\DOTSCASE@=\count268
LaTeX Info: Redefining \ldots on input line 496.
LaTeX Info: Redefining \dots on input line 499.
LaTeX Info: Redefining \cdots on input line 620.
\Mathstrutbox@=\box51
\strutbox@=\box52
LaTeX Info: Redefining \big on input line 722.
LaTeX Info: Redefining \Big on input line 723.
LaTeX Info: Redefining \bigg on input line 724.
LaTeX Info: Redefining \Bigg on input line 725.
\big@size=\dimen153
LaTeX Font Info:    Redeclaring font encoding OML on input line 743.
LaTeX Font Info:    Redeclaring font encoding OMS on input line 744.
\macc@depth=\count269
LaTeX Info: Redefining \bmod on input line 905.
LaTeX Info: Redefining \pmod on input line 910.
LaTeX Info: Redefining \smash on input line 940.
LaTeX Info: Redefining \relbar on input line 970.
LaTeX Info: Redefining \Relbar on input line 971.
\c@MaxMatrixCols=\count270
\dotsspace@=\muskip16
\c@parentequation=\count271
\dspbrk@lvl=\count272
\tag@help=\toks20
\row@=\count273
\column@=\count274
\maxfields@=\count275
\andhelp@=\toks21
\eqnshift@=\dimen154
\alignsep@=\dimen155
\tagshift@=\dimen156
\tagwidth@=\dimen157
\totwidth@=\dimen158
\lineht@=\dimen159
\@envbody=\toks22
\multlinegap=\skip51
\multlinetaggap=\skip52
\mathdisplay@stack=\toks23
LaTeX Info: Redefining \[ on input line 2953.
LaTeX Info: Redefining \] on input line 2954.
)
(/usr/share/texlive/texmf-dist/tex/latex/amsfonts/amssymb.sty
Package: amssymb 2013/01/14 v3.01 AMS font symbols

(/usr/share/texlive/texmf-dist/tex/latex/amsfonts/amsfonts.sty
Package: amsfonts 2013/01/14 v3.01 Basic AMSFonts support
\symAMSa=\mathgroup4
\symAMSb=\mathgroup5
LaTeX Font Info:    Redeclaring math symbol \hbar on input line 98.
LaTeX Font Info:    Overwriting math alphabet `\mathfrak' in version `bold'
(Font)                  U/euf/m/n --> U/euf/b/n on input line 106.
))
(/usr/share/texlive/texmf-dist/tex/latex/hyperref/hyperref.sty
Package: hyperref 2024-01-20 v7.01h Hypertext links for LaTeX

(/usr/share/texlive/texmf-dist/tex/latex/kvsetkeys/kvsetkeys.sty
Package: kvsetkeys 2022-10-05 v1.19 Key value parser (HO)
)
(/usr/share/texlive/texmf-dist/tex/generic/kvdefinekeys/kvdefinekeys.sty
Package: kvdefinekeys 2019-12-19 v1.6 Define keys (HO)
)
(/usr/share/texlive/texmf-dist/tex/generic/pdfescape/pdfescape.sty
Package: pdfescape 2019/12/09 v1.15 Implements pdfTeX's escape features (HO)

(/usr/share/texlive/texmf-dist/tex/generic/ltxcmds/ltxcmds.sty
Package: ltxcmds 2023-12-04 v1.26 LaTeX kernel commands for general use (HO)
)
(/usr/share/texlive/texmf-dist/tex/generic/pdftexcmds/pdftexcmds.sty
Package: pdftexcmds 2020-06-27 v0.33 Utility functions of pdfTeX for LuaTeX (HO
)

(/usr/share/texlive/texmf-dist/tex/generic/infwarerr/infwarerr.sty
Package: infwarerr 2019/12/03 v1.5 Providing info/warning/error messages (HO)
)
Package pdftexcmds Info: \pdf@primitive is available.
Package pdftexcmds Info: \pdf@ifprimitive is available.
Package pdftexcmds Info: \pdfdraftmode found.
))
(/usr/share/texlive/texmf-dist/tex/latex/hycolor/hycolor.sty
Package: hycolor 2020-01-27 v1.10 Color options for hyperref/bookmark (HO)
)
(/usr/share/texlive/texmf-dist/tex/latex/auxhook/auxhook.sty
Package: auxhook 2019-12-17 v1.6 Hooks for auxiliary files (HO)
)
(/usr/share/texlive/texmf-dist/tex/latex/hyperref/nameref.sty
Package: nameref 2023-11-26 v2.56 Cross-referencing by name of section

(/usr/share/texlive/texmf-dist/tex/latex/refcount/refcount.sty
Package: refcount 2019/12/15 v3.6 Data extraction from label references (HO)
)
(/usr/share/texlive/texmf-dist/tex/generic/gettitlestring/gettitlestring.sty
Package: gettitlestring 2019/12/15 v1.6 Cleanup title references (HO)

(/usr/share/texlive/texmf-dist/tex/latex/kvoptions/kvoptions.sty
Package: kvoptions 2022-06-15 v3.15 Key value format for package options (HO)
))
\c@section@level=\count276
)
(/usr/share/texlive/texmf-dist/tex/latex/etoolbox/etoolbox.sty
Package: etoolbox 2020/10/05 v2.5k e-TeX tools for LaTeX (JAW)
\etb@tempcnta=\count277
)
\@linkdim=\dimen160
\Hy@linkcounter=\count278
\Hy@pagecounter=\count279

(/usr/share/texlive/texmf-dist/tex/latex/hyperref/pd1enc.def
File: pd1enc.def 2024-01-20 v7.01h Hyperref: PDFDocEncoding definition (HO)
Now handling font encoding PD1 ...
... no UTF-8 mapping file for font encoding PD1
)
(/usr/share/texlive/texmf-dist/tex/generic/intcalc/intcalc.sty
Package: intcalc 2019/12/15 v1.3 Expandable calculations with integers (HO)
)
\Hy@SavedSpaceFactor=\count280

(/usr/share/texlive/texmf-dist/tex/latex/hyperref/puenc.def
File: puenc.def 2024-01-20 v7.01h Hyperref: PDF Unicode definition (HO)
Now handling font encoding PU ...
... no UTF-8 mapping file for font encoding PU
)
Package hyperref Info: Hyper figures OFF on input line 4179.
Package hyperref Info: Link nesting OFF on input line 4184.
Package hyperref Info: Hyper index ON on input line 4187.
Package hyperref Info: Plain pages OFF on input line 4194.
Package hyperref Info: Backreferencing OFF on input line 4199.
Package hyperref Info: Implicit mode ON; LaTeX internals redefined.
Package hyperref Info: Bookmarks ON on input line 4446.
\c@Hy@tempcnt=\count281

(/usr/share/texlive/texmf-dist/tex/latex/url/url.sty
\Urlmuskip=\muskip17
Package: url 2013/09/16  ver 3.4  Verb mode for urls, etc.
)
LaTeX Info: Redefining \url on input line 4784.
\XeTeXLinkMargin=\dimen161

(/usr/share/texlive/texmf-dist/tex/generic/bitset/bitset.sty
Package: bitset 2019/12/09 v1.3 Handle bit-vector datatype (HO)

(/usr/share/texlive/texmf-dist/tex/generic/bigintcalc/bigintcalc.sty
Package: bigintcalc 2019/12/15 v1.5 Expandable calculations on big integers (HO
)
))
\Fld@menulength=\count282
\Field@Width=\dimen162
\Fld@charsize=\dimen163
Package hyperref Info: Hyper figures OFF on input line 6063.
Package hyperref Info: Link nesting OFF on input line 6068.
Package hyperref Info: Hyper index ON on input line 6071.
Package hyperref Info: backreferencing OFF on input line 6078.
Package hyperref Info: Link coloring OFF on input line 6083.
Package hyperref Info: Link coloring with OCG OFF on input line 6088.
Package hyperref Info: PDF/A mode OFF on input line 6093.

(/usr/share/texlive/texmf-dist/tex/latex/base/atbegshi-ltx.sty
Package: atbegshi-ltx 2021/01/10 v1.0c Emulation of the original atbegshi
package with kernel methods
)
\Hy@abspage=\count283
\c@Item=\count284
\c@Hfootnote=\count285
)
Package hyperref Info: Driver (autodetected): hpdftex.

(/usr/share/texlive/texmf-dist/tex/latex/hyperref/hpdftex.def
File: hpdftex.def 2024-01-20 v7.01h Hyperref driver for pdfTeX

(/usr/share/texlive/texmf-dist/tex/latex/base/atveryend-ltx.sty
Package: atveryend-ltx 2020/08/19 v1.0a Emulation of the original atveryend pac
kage
with kernel methods
)
\Fld@listcount=\count286
\c@bookmark@seq@number=\count287

(/usr/share/texlive/texmf-dist/tex/latex/rerunfilecheck/rerunfilecheck.sty
Package: rerunfilecheck 2022-07-10 v1.10 Rerun checks for auxiliary files (HO)

(/usr/share/texlive/texmf-dist/tex/generic/uniquecounter/uniquecounter.sty
Package: uniquecounter 2019/12/15 v1.4 Provide unlimited unique counter (HO)
)
Package uniquecounter Info: New unique counter `rerunfilecheck' on input line 2
85.
)
\Hy@SectionHShift=\skip53
)
(./numbers.tex)
(/usr/share/texlive/texmf-dist/tex/latex/l3backend/l3backend-pdftex.def
File: l3backend-pdftex.def 2024-01-04 L3 backend support: PDF output (pdfTeX)
\l__color_backend_stack_int=\count288
\l__pdf_internal_box=\box53
)
(./figures_all.aux)
\openout1 = `figures_all.aux'.

LaTeX Font Info:    Checking defaults for OML/cmm/m/it on input line 9.
LaTeX Font Info:    ... okay on input line 9.
LaTeX Font Info:    Checking defaults for OMS/cmsy/m/n on input line 9.
LaTeX Font Info:    ... okay on input line 9.
LaTeX Font Info:    Checking defaults for OT1/cmr/m/n on input line 9.
LaTeX Font Info:    ... okay on input line 9.
LaTeX Font Info:    Checking defaults for T1/cmr/m/n on input line 9.
LaTeX Font Info:    ... okay on input line 9.
LaTeX Font Info:    Checking defaults for TS1/cmr/m/n on input line 9.
LaTeX Font Info:    ... okay on input line 9.
LaTeX Font Info:    Checking defaults for OMX/cmex/m/n on input line 9.
LaTeX Font Info:    ... okay on input line 9.
LaTeX Font Info:    Checking defaults for U/cmr/m/n on input line 9.
LaTeX Font Info:    ... okay on input line 9.
LaTeX Font Info:    Checking defaults for PD1/pdf/m/n on input line 9.
LaTeX Font Info:    ... okay on input line 9.
LaTeX Font Info:    Checking defaults for PU/pdf/m/n on input line 9.
LaTeX Font Info:    ... okay on input line 9.

*geometry* driver: auto-detecting
*geometry* detected driver: pdftex
*geometry* verbose mode - [ preamble ] result:
* driver: pdftex
* paper: <default>
* layout: <same size as paper>
* layoutoffset:(h,v)=(0.0pt,0.0pt)
* modes: 
* h-part:(L,W,R)=(56.9055pt, 500.484pt, 56.9055pt)
* v-part:(T,H,B)=(56.9055pt, 681.15898pt, 56.9055pt)
* \paperwidth=614.295pt
* \paperheight=794.96999pt
* \textwidth=500.484pt
* \textheight=681.15898pt
* \oddsidemargin=-15.36449pt
* \evensidemargin=-15.36449pt
* \topmargin=-52.36449pt
* \headheight=12.0pt
* \headsep=25.0pt
* \topskip=10.0pt
* \footskip=30.0pt
* \marginparwidth=65.0pt
* \marginparsep=11.0pt
* \columnsep=10.0pt
* \skip\footins=9.0pt plus 4.0pt minus 2.0pt
* \hoffset=0.0pt
* \voffset=0.0pt
* \mag=1000
* \@twocolumnfalse
* \@twosidefalse
* \@mparswitchfalse
* \@reversemarginfalse
* (1in=72.27pt=25.4mm, 1cm=28.453pt)

(/usr/share/texlive/texmf-dist/tex/context/base/mkii/supp-pdf.mkii
[Loading MPS to PDF converter (version 2006.09.02).]
\scratchcounter=\count289
\scratchdimen=\dimen164
\scratchbox=\box54
\nofMPsegments=\count290
\nofMParguments=\count291
\everyMPshowfont=\toks24
\MPscratchCnt=\count292
\MPscratchDim=\dimen165
\MPnumerator=\count293
\makeMPintoPDFobject=\count294
\everyMPtoPDFconversion=\toks25
) (/usr/share/texlive/texmf-dist/tex/latex/epstopdf-pkg/epstopdf-base.sty
Package: epstopdf-base 2020-01-24 v2.11 Base part for package epstopdf
Package epstopdf-base Info: Redefining graphics rule for `.eps' on input line 4
85.

(/usr/share/texlive/texmf-dist/tex/latex/latexconfig/epstopdf-sys.cfg
File: epstopdf-sys.cfg 2010/07/13 v1.3 Configuration of (r)epstopdf for TeX Liv
e
))
Package hyperref Info: Link coloring OFF on input line 9.

(./figures_all.out) (./figures_all.out)
\@outlinefile=\write3
\openout3 = `figures_all.out'.

LaTeX Font Info:    Trying to load font information for U+msa on input line 10.


(/usr/share/texlive/texmf-dist/tex/latex/amsfonts/umsa.fd
File: umsa.fd 2013/01/14 v3.01 AMS symbols A
)
LaTeX Font Info:    Trying to load font information for U+msb on input line 10.


(/usr/share/texlive/texmf-dist/tex/latex/amsfonts/umsb.fd
File: umsb.fd 2013/01/14 v3.01 AMS symbols B
) [1

{/var/lib/texmf/fonts/map/pdftex/updmap/pdftex.map}]
<../figures/fig01_cfet_stacks.png, id=14, 517.4532pt x 177.0615pt>
File: ../figures/fig01_cfet_stacks.png Graphic file (type png)
<use ../figures/fig01_cfet_stacks.png>
Package pdftex.def Info: ../figures/fig01_cfet_stacks.png  used on input line 1
4.
(pdftex.def)             Requested size: 500.49197pt x 171.25769pt.
 [2 <../figures/fig01_cfet_stacks.png>]
<../figures/fig02_calibration_idvg.png, id=22, 500.8311pt x 432.6564pt>
File: ../figures/fig02_calibration_idvg.png Graphic file (type png)
<use ../figures/fig02_calibration_idvg.png>
Package pdftex.def Info: ../figures/fig02_calibration_idvg.png  used on input l
ine 18.
(pdftex.def)             Requested size: 500.50127pt x 432.37146pt.

[3 <../figures/fig02_calibration_idvg.png>]
<../figures/fig03_calibration_idvd.png, id=31, 501.3129pt x 403.9893pt>
File: ../figures/fig03_calibration_idvd.png Graphic file (type png)
<use ../figures/fig03_calibration_idvd.png>
Package pdftex.def Info: ../figures/fig03_calibration_idvd.png  used on input l
ine 22.
(pdftex.def)             Requested size: 500.50848pt x 403.34105pt.
 [4 <../figures/fig03_calibration_idvd.png>]
<../figures/fig03b_capacitance.png, id=37, 501.5538pt x 157.7895pt>
File: ../figures/fig03b_capacitance.png Graphic file (type png)
<use ../figures/fig03b_capacitance.png>
Package pdftex.def Info: ../figures/fig03b_capacitance.png  used on input line 
26.
(pdftex.def)             Requested size: 500.5041pt x 157.45924pt.
 [5 <../figures/fig03b_capacitance.png>]
<../figures/fig04_calibration_mape.png, id=43, 496.0131pt x 158.2713pt>
File: ../figures/fig04_calibration_mape.png Graphic file (type png)
<use ../figures/fig04_calibration_mape.png>
Package pdftex.def Info: ../figures/fig04_calibration_mape.png  used on input l
ine 30.
(pdftex.def)             Requested size: 500.49246pt x 159.70059pt.
 [6 <../figures/fig04_calibration_mape.png>]
<../schematics/inv_cfet.png, id=49, 306.6657pt x 312.6882pt>
File: ../schematics/inv_cfet.png Graphic file (type png)
<use ../schematics/inv_cfet.png>
Package pdftex.def Info: ../schematics/inv_cfet.png  used on input line 34.
(pdftex.def)             Requested size: 240.23016pt x 244.95024pt.
<../schematics/ro5_cfet.png, id=50, 625.8582pt x 251.2587pt>
File: ../schematics/ro5_cfet.png Graphic file (type png)
<use ../schematics/ro5_cfet.png>
Package pdftex.def Info: ../schematics/ro5_cfet.png  used on input line 35.
(pdftex.def)             Requested size: 240.23016pt x 96.44159pt.
 [7 <../schematics/inv_cfet.png> <../schematics/ro5_cfet.png>]
<../figures/fig05_inverter_vtc.png, id=58, 501.7947pt x 165.7392pt>
File: ../figures/fig05_inverter_vtc.png Graphic file (type png)
<use ../figures/fig05_inverter_vtc.png>
Package pdftex.def Info: ../figures/fig05_inverter_vtc.png  used on input line 
39.
(pdftex.def)             Requested size: 500.49182pt x 165.30884pt.

[8 <../figures/fig05_inverter_vtc.png>]
<../figures/fig06_inverter_ro_fom.png, id=64, 502.0356pt x 268.8444pt>
File: ../figures/fig06_inverter_ro_fom.png Graphic file (type png)
<use ../figures/fig06_inverter_ro_fom.png>
Package pdftex.def Info: ../figures/fig06_inverter_ro_fom.png  used on input li
ne 43.
(pdftex.def)             Requested size: 500.48697pt x 268.01509pt.
 [9 <../figures/fig06_inverter_ro_fom.png>]
<../figures/fig07_ro_waveforms.png, id=70, 242.8272pt x 375.804pt>
File: ../figures/fig07_ro_waveforms.png Graphic file (type png)
<use ../figures/fig07_ro_waveforms.png>
Package pdftex.def Info: ../figures/fig07_ro_waveforms.png  used on input line 
47.
(pdftex.def)             Requested size: 360.96075pt x 558.62976pt.
 [10 <../figures/fig07_ro_waveforms.png>]
<../figures/fig08_vdd_sweep.png, id=76, 501.5538pt x 316.7835pt>
File: ../figures/fig08_vdd_sweep.png Graphic file (type png)
<use ../figures/fig08_vdd_sweep.png>
Package pdftex.def Info: ../figures/fig08_vdd_sweep.png  used on input line 51.

(pdftex.def)             Requested size: 500.5041pt x 316.12048pt.
 [11 <../figures/fig08_vdd_sweep.png>]
<../figures/fig09_temperature.png, id=82, 500.5902pt x 151.767pt>
File: ../figures/fig09_temperature.png Graphic file (type png)
<use ../figures/fig09_temperature.png>
Package pdftex.def Info: ../figures/fig09_temperature.png  used on input line 5
5.
(pdftex.def)             Requested size: 500.50494pt x 151.74113pt.
 [12 <../figures/fig09_temperature.png>]
<../figures/fig10_si_sige_sensitivity.png, id=89, 492.1587pt x 155.1396pt>
File: ../figures/fig10_si_sige_sensitivity.png Graphic file (type png)
<use ../figures/fig10_si_sige_sensitivity.png>
Package pdftex.def Info: ../figures/fig10_si_sige_sensitivity.png  used on inpu
t line 59.
(pdftex.def)             Requested size: 500.47827pt x 157.7621pt.
 [13 <../figures/fig10_si_sige_sensitivity.png>]
<../figures/fig11_tmd_contact_crossover.png, id=96, 501.7947pt x 157.7895pt>
File: ../figures/fig11_tmd_contact_crossover.png Graphic file (type png)
<use ../figures/fig11_tmd_contact_crossover.png>
Package pdftex.def Info: ../figures/fig11_tmd_contact_crossover.png  used on in
put line 63.
(pdftex.def)             Requested size: 500.49182pt x 157.37979pt.
 [14 <../figures/fig11_tmd_contact_crossover.png>]
<../figures/fig12_cnt_sensitivity.png, id=102, 502.2765pt x 157.3077pt>
File: ../figures/fig12_cnt_sensitivity.png Graphic file (type png)
<use ../figures/fig12_cnt_sensitivity.png>
Package pdftex.def Info: ../figures/fig12_cnt_sensitivity.png  used on input li
ne 67.
(pdftex.def)             Requested size: 500.50487pt x 156.75282pt.
 [15 <../figures/fig12_cnt_sensitivity.png>]
<../figures/fig13_gan_thermal.png, id=108, 502.5174pt x 158.2713pt>
File: ../figures/fig13_gan_thermal.png Graphic file (type png)
<use ../figures/fig13_gan_thermal.png>
Package pdftex.def Info: ../figures/fig13_gan_thermal.png  used on input line 7
1.
(pdftex.def)             Requested size: 500.49953pt x 157.63574pt.
 [16 <../figures/fig13_gan_thermal.png>]
<../figures/fig14_montecarlo.png, id=114, 501.3129pt x 303.0522pt>
File: ../figures/fig14_montecarlo.png Graphic file (type png)
<use ../figures/fig14_montecarlo.png>
Package pdftex.def Info: ../figures/fig14_montecarlo.png  used on input line 75
.
(pdftex.def)             Requested size: 500.50848pt x 302.5659pt.
 [17 <../figures/fig14_montecarlo.png>]
<../figures/fig_layout_inverters.png, id=120, 517.4532pt x 198.7425pt>
File: ../figures/fig_layout_inverters.png Graphic file (type png)
<use ../figures/fig_layout_inverters.png>
Package pdftex.def Info: ../figures/fig_layout_inverters.png  used on input lin
e 79.
(pdftex.def)             Requested size: 500.49197pt x 192.22806pt.
 [18 <../figures/fig_layout_inverters.png>]
<../figures/fig15_selection_chart.png, id=126, 264.7491pt x 215.3646pt>
File: ../figures/fig15_selection_chart.png Graphic file (type png)
<use ../figures/fig15_selection_chart.png>
Package pdftex.def Info: ../figures/fig15_selection_chart.png  used on input li
ne 83.
(pdftex.def)             Requested size: 500.54002pt x 407.17267pt.
 [19 <../figures/fig15_selection_chart.png>] (./figures_all.aux)
 ***********
LaTeX2e <2023-11-01> patch level 1
L3 programming layer <2024-01-22>
 ***********
Package rerunfilecheck Info: File `figures_all.out' has not changed.
(rerunfilecheck)             Checksum: D41D8CD98F00B204E9800998ECF8427E;0.
 ) 
Here is how much of TeX's memory you used:
 10411 strings out of 476182
 159879 string characters out of 5795595
 1924975 words of memory out of 5000000
 32286 multiletter control sequences out of 15000+600000
 561148 words of font info for 49 fonts, out of 8000000 for 9000
 14 hyphenation exceptions out of 8191
 75i,6n,79p,402b,438s stack positions out of 10000i,1000n,20000p,200000b,200000s
</usr/share/texlive/texmf-dist/fonts/type1/public/amsfonts/cm/cmbx10.pfb></us
r/share/texlive/texmf-dist/fonts/type1/public/amsfonts/cm/cmbx12.pfb></usr/shar
e/texlive/texmf-dist/fonts/type1/public/amsfonts/cm/cmmi10.pfb></usr/share/texl
ive/texmf-dist/fonts/type1/public/amsfonts/cm/cmmi7.pfb></usr/share/texlive/tex
mf-dist/fonts/type1/public/amsfonts/cm/cmr10.pfb></usr/share/texlive/texmf-dist
/fonts/type1/public/amsfonts/cm/cmr7.pfb></usr/share/texlive/texmf-dist/fonts/t
ype1/public/amsfonts/cm/cmr9.pfb></usr/share/texlive/texmf-dist/fonts/type1/pub
lic/amsfonts/cm/cmsy10.pfb></usr/share/texlive/texmf-dist/fonts/type1/public/am
sfonts/cm/cmsy7.pfb></usr/share/texlive/texmf-dist/fonts/type1/public/amsfonts/
cm/cmtt10.pfb>
Output written on figures_all.pdf (19 pages, 3513713 bytes).
PDF statistics:
 183 PDF objects out of 1000 (max. 8388607)
 102 compressed objects within 2 object streams
 20 named destinations out of 1000 (max. 500000)
 96 words of extra memory for PDF output out of 10000 (max. 10000000)

