\BOOKMARK [1][-]{section.1}{\376\377\000I\000n\000t\000r\000o\000d\000u\000c\000t\000i\000o\000n}{}% 1
\BOOKMARK [1][-]{section.2}{\376\377\000U\000n\000i\000f\000i\000e\000d\000\040\000C\000o\000m\000p\000a\000c\000t\000\040\000M\000o\000d\000e\000l}{}% 2
\BOOKMARK [2][-]{subsection.2.1}{\376\377\000C\000o\000r\000e\000\040\000e\000q\000u\000a\000t\000i\000o\000n\000s}{section.2}% 3
\BOOKMARK [2][-]{subsection.2.2}{\376\377\000T\000e\000r\000m\000i\000n\000a\000l\000\040\000c\000h\000a\000r\000g\000e\000s}{section.2}% 4
\BOOKMARK [2][-]{subsection.2.3}{\376\377\000M\000a\000t\000e\000r\000i\000a\000l\000\040\000b\000l\000o\000c\000k\000s}{section.2}% 5
\BOOKMARK [2][-]{subsection.2.4}{\376\377\000I\000m\000p\000l\000e\000m\000e\000n\000t\000a\000t\000i\000o\000n\000\040\000a\000n\000d\000\040\000e\000q\000u\000i\000v\000a\000l\000e\000n\000c\000e}{section.2}% 6
\BOOKMARK [1][-]{section.3}{\376\377\000C\000a\000l\000i\000b\000r\000a\000t\000i\000o\000n}{}% 7
\BOOKMARK [1][-]{section.4}{\376\377\000C\000i\000r\000c\000u\000i\000t\000-\000V\000a\000l\000i\000d\000a\000t\000i\000o\000n\000\040\000F\000l\000o\000w}{}% 8
\BOOKMARK [2][-]{subsection.4.1}{\376\377\000T\000e\000s\000t\000b\000e\000n\000c\000h\000e\000s}{section.4}% 9
\BOOKMARK [2][-]{subsection.4.2}{\376\377\000R\000i\000n\000g\000-\000o\000s\000c\000i\000l\000l\000a\000t\000o\000r\000\040\000m\000e\000a\000s\000u\000r\000e\000m\000e\000n\000t}{section.4}% 10
\BOOKMARK [1][-]{section.5}{\376\377\000R\000e\000s\000u\000l\000t\000s}{}% 11
\BOOKMARK [2][-]{subsection.5.1}{\376\377\000N\000o\000m\000i\000n\000a\000l\000\040\000i\000n\000v\000e\000r\000t\000e\000r\000s\000\040\000a\000n\000d\000\040\000r\000i\000n\000g\000\040\000o\000s\000c\000i\000l\000l\000a\000t\000o\000r\000s}{section.5}% 12
\BOOKMARK [2][-]{subsection.5.2}{\376\377\000U\000n\000i\000f\000i\000e\000d\000\040\000V\000D\000D\000\040\000a\000n\000d\000\040\000t\000e\000m\000p\000e\000r\000a\000t\000u\000r\000e\000\040\000s\000w\000e\000e\000p\000s}{section.5}% 13
\BOOKMARK [2][-]{subsection.5.3}{\376\377\000M\000a\000t\000e\000r\000i\000a\000l\000-\000s\000p\000e\000c\000i\000f\000i\000c\000\040\000s\000e\000n\000s\000i\000t\000i\000v\000i\000t\000y}{section.5}% 14
\BOOKMARK [3][-]{subsubsection.5.3.1}{\376\377\000S\000i\000\040\000a\000n\000d\000\040\000S\000i\000G\000e}{subsection.5.3}% 15
\BOOKMARK [3][-]{subsubsection.5.3.2}{\376\377\000M\000o\000S\0002\000/\000W\000S\000e\0002}{subsection.5.3}% 16
\BOOKMARK [3][-]{subsubsection.5.3.3}{\376\377\000C\000N\000T}{subsection.5.3}% 17
\BOOKMARK [3][-]{subsubsection.5.3.4}{\376\377\000G\000a\000N}{subsection.5.3}% 18
\BOOKMARK [2][-]{subsection.5.4}{\376\377\000M\000o\000n\000t\000e\000\040\000C\000a\000r\000l\000o\000\040\000a\000n\000d\000\040\000y\000i\000e\000l\000d}{section.5}% 19
\BOOKMARK [2][-]{subsection.5.5}{\376\377\000C\000o\000n\000c\000e\000p\000t\000u\000a\000l\000\040\000l\000a\000y\000o\000u\000t}{section.5}% 20
\BOOKMARK [1][-]{section.6}{\376\377\000M\000a\000t\000e\000r\000i\000a\000l\000-\000S\000e\000l\000e\000c\000t\000i\000o\000n\000\040\000M\000a\000p}{}% 21
\BOOKMARK [1][-]{section.7}{\376\377\000L\000i\000m\000i\000t\000a\000t\000i\000o\000n\000s}{}% 22
\BOOKMARK [1][-]{section.8}{\376\377\000C\000o\000n\000c\000l\000u\000s\000i\000o\000n}{}% 23
\BOOKMARK [1][-]{section*.1}{\376\377\000R\000e\000f\000e\000r\000e\000n\000c\000e\000s}{}% 24
